=== TRAINING LOSS PROGRESSION ===
 step  train_loss    epoch
    2      3.5491 0.181818
    4      3.0746 0.363636
    6      2.4072 0.545455
    8      1.7823 0.727273
   10      1.6108 0.909091
   12      1.0951 1.090909
   14      0.9269 1.272727
   16      0.7909 1.454545
   18      0.5485 1.636364
   20      0.5147 1.818182
   22      0.2620 2.000000
   24      0.2818 2.181818
   26      0.1435 2.363636
   28      0.2294 2.545455
   30      0.0597 2.727273
   32      0.2588 2.909091
   34      0.1118 3.090909
   36      0.0603 3.272727
   38      0.0512 3.454545
   40      0.0928 3.636364
   42      0.0645 3.818182
   44      0.0684 4.000000
   46      0.0423 4.181818
   48      0.0282 4.363636
   50      0.0413 4.545455
   52      0.0630 4.727273
   54      0.0324 4.909091

=== VALIDATION LOSS PROGRESSION ===
 step  eval_loss    epoch
    5   2.331504 0.454545
   10   1.384060 0.909091
   15   0.952664 1.363636
   20   0.546206 1.818182
   25   0.316414 2.272727
   30   0.226220 2.727273
   35   0.201486 3.181818
   40   0.193628 3.636364
   45   0.194009 4.090909
   50   0.199493 4.545455
   55   0.200599 5.000000

=== TRAINING SUMMARY ===
Training loss:         3.5491 -> 0.0324
Validation loss:       2.3315 -> 0.2006
Best validation loss:  0.1936  (at step 40)
Validation improvement:  91.7%
Overfitting gap:       0.1682  (final val - final train)

DIAGNOSIS: Training looks healthy. Both curves fell together and the gap is within the clinical safety limit.
ACTION: Proceed to merge and evaluation.

Loss curve saved to outputs/loss_curve.png; diagnosis in outputs/loss_diagnosis.json
